Copyright 1986-2022 Xilinx, Inc. All Rights Reserved. Copyright 2022-2025 Advanced Micro Devices, Inc. All Rights Reserved.
--------------------------------------------------------------------------------------------------------------------------------------------------------------------
| Tool Version : Vivado v.2025.2 (lin64) Build 6299465 Fri Nov 14 12:34:56 MST 2025
| Date         : Thu Apr 23 19:52:00 2026
| Host         : ck-MS-7E62 running 64-bit Ubuntu 25.04
| Command      : report_methodology -file top_module_methodology_drc_routed.rpt -pb top_module_methodology_drc_routed.pb -rpx top_module_methodology_drc_routed.rpx
| Design       : top_module
| Device       : xc7a35tftg256-1
| Speed File   : -1
| Design State : Fully Routed
--------------------------------------------------------------------------------------------------------------------------------------------------------------------

Report Methodology

Table of Contents
-----------------
1. REPORT SUMMARY
2. REPORT DETAILS

1. REPORT SUMMARY
-----------------
            Netlist: netlist
          Floorplan: design_1
      Design limits: <entire design considered>
             Max checks: <unlimited>
             Checks found: 54
+-----------+----------+--------------------------------------------------------+--------+
| Rule      | Severity | Description                                            | Checks |
+-----------+----------+--------------------------------------------------------+--------+
| LUTAR-1   | Warning  | LUT drives async reset alert                           | 9      |
| TIMING-9  | Warning  | Unknown CDC Logic                                      | 1      |
| TIMING-18 | Warning  | Missing input or output delay                          | 41     |
| XDCB-5    | Warning  | Runtime inefficient way to find pin objects            | 2      |
| XDCC-1    | Warning  | Scoped Clock constraint overwritten with the same name | 1      |
+-----------+----------+--------------------------------------------------------+--------+

2. REPORT DETAILS
-----------------
LUTAR-1#1 Warning
LUT drives async reset alert  
LUT cell dbg_hub/inst/BSCANID.u_xsdbm_id/CORE_XSDB.UUT_MASTER/U_ICON_INTERFACE/U_CMD6_RD/U_RD_FIFO/SUBCORE_FIFO.xsdbm_v3_0_5_rdfifo_inst/inst_fifo_gen/gconvfifo.rf/grf.rf/rstblk/ngwrdrst.grst.g7serrst.gwrrd_rst_sync_stage[2].rrst_inst/ngwrdrst.grst.g7serrst.rd_rst_reg[2]_i_1, with 2 or more inputs, drives asynchronous preset/clear pin(s) dbg_hub/inst/BSCANID.u_xsdbm_id/CORE_XSDB.UUT_MASTER/U_ICON_INTERFACE/U_CMD6_RD/U_RD_FIFO/SUBCORE_FIFO.xsdbm_v3_0_5_rdfifo_inst/inst_fifo_gen/gconvfifo.rf/grf.rf/rstblk/ngwrdrst.grst.g7serrst.rd_rst_reg_reg[0]/PRE,
dbg_hub/inst/BSCANID.u_xsdbm_id/CORE_XSDB.UUT_MASTER/U_ICON_INTERFACE/U_CMD6_RD/U_RD_FIFO/SUBCORE_FIFO.xsdbm_v3_0_5_rdfifo_inst/inst_fifo_gen/gconvfifo.rf/grf.rf/rstblk/ngwrdrst.grst.g7serrst.rd_rst_reg_reg[1]/PRE
dbg_hub/inst/BSCANID.u_xsdbm_id/CORE_XSDB.UUT_MASTER/U_ICON_INTERFACE/U_CMD6_RD/U_RD_FIFO/SUBCORE_FIFO.xsdbm_v3_0_5_rdfifo_inst/inst_fifo_gen/gconvfifo.rf/grf.rf/rstblk/ngwrdrst.grst.g7serrst.rd_rst_reg_reg[2]/PRE. The LUT may glitch and trigger an unexpected reset, even if it is a properly timed path.
Related violations: <none>

LUTAR-1#2 Warning
LUT drives async reset alert  
LUT cell dbg_hub/inst/BSCANID.u_xsdbm_id/CORE_XSDB.UUT_MASTER/U_ICON_INTERFACE/U_CMD6_RD/U_RD_FIFO/SUBCORE_FIFO.xsdbm_v3_0_5_rdfifo_inst/inst_fifo_gen/gconvfifo.rf/grf.rf/rstblk/ngwrdrst.grst.g7serrst.gwrrd_rst_sync_stage[2].wrst_inst/ngwrdrst.grst.g7serrst.wr_rst_reg[2]_i_1, with 2 or more inputs, drives asynchronous preset/clear pin(s) dbg_hub/inst/BSCANID.u_xsdbm_id/CORE_XSDB.UUT_MASTER/U_ICON_INTERFACE/U_CMD6_RD/U_RD_FIFO/SUBCORE_FIFO.xsdbm_v3_0_5_rdfifo_inst/inst_fifo_gen/gconvfifo.rf/grf.rf/rstblk/ngwrdrst.grst.g7serrst.wr_rst_reg_reg[0]/PRE,
dbg_hub/inst/BSCANID.u_xsdbm_id/CORE_XSDB.UUT_MASTER/U_ICON_INTERFACE/U_CMD6_RD/U_RD_FIFO/SUBCORE_FIFO.xsdbm_v3_0_5_rdfifo_inst/inst_fifo_gen/gconvfifo.rf/grf.rf/rstblk/ngwrdrst.grst.g7serrst.wr_rst_reg_reg[1]/PRE
dbg_hub/inst/BSCANID.u_xsdbm_id/CORE_XSDB.UUT_MASTER/U_ICON_INTERFACE/U_CMD6_RD/U_RD_FIFO/SUBCORE_FIFO.xsdbm_v3_0_5_rdfifo_inst/inst_fifo_gen/gconvfifo.rf/grf.rf/rstblk/ngwrdrst.grst.g7serrst.wr_rst_reg_reg[2]/PRE. The LUT may glitch and trigger an unexpected reset, even if it is a properly timed path.
Related violations: <none>

LUTAR-1#3 Warning
LUT drives async reset alert  
LUT cell dbg_hub/inst/BSCANID.u_xsdbm_id/CORE_XSDB.UUT_MASTER/U_ICON_INTERFACE/U_CMD6_WR/U_WR_FIFO/SUBCORE_FIFO.xsdbm_v3_0_5_wrfifo_inst/inst_fifo_gen/gconvfifo.rf/grf.rf/rstblk/ngwrdrst.grst.g7serrst.gwrrd_rst_sync_stage[2].rrst_inst/ngwrdrst.grst.g7serrst.rd_rst_reg[2]_i_1, with 2 or more inputs, drives asynchronous preset/clear pin(s) dbg_hub/inst/BSCANID.u_xsdbm_id/CORE_XSDB.UUT_MASTER/U_ICON_INTERFACE/U_CMD6_WR/U_WR_FIFO/SUBCORE_FIFO.xsdbm_v3_0_5_wrfifo_inst/inst_fifo_gen/gconvfifo.rf/grf.rf/rstblk/ngwrdrst.grst.g7serrst.rd_rst_reg_reg[0]/PRE,
dbg_hub/inst/BSCANID.u_xsdbm_id/CORE_XSDB.UUT_MASTER/U_ICON_INTERFACE/U_CMD6_WR/U_WR_FIFO/SUBCORE_FIFO.xsdbm_v3_0_5_wrfifo_inst/inst_fifo_gen/gconvfifo.rf/grf.rf/rstblk/ngwrdrst.grst.g7serrst.rd_rst_reg_reg[1]/PRE
dbg_hub/inst/BSCANID.u_xsdbm_id/CORE_XSDB.UUT_MASTER/U_ICON_INTERFACE/U_CMD6_WR/U_WR_FIFO/SUBCORE_FIFO.xsdbm_v3_0_5_wrfifo_inst/inst_fifo_gen/gconvfifo.rf/grf.rf/rstblk/ngwrdrst.grst.g7serrst.rd_rst_reg_reg[2]/PRE. The LUT may glitch and trigger an unexpected reset, even if it is a properly timed path.
Related violations: <none>

LUTAR-1#4 Warning
LUT drives async reset alert  
LUT cell dbg_hub/inst/BSCANID.u_xsdbm_id/CORE_XSDB.UUT_MASTER/U_ICON_INTERFACE/U_CMD6_WR/U_WR_FIFO/SUBCORE_FIFO.xsdbm_v3_0_5_wrfifo_inst/inst_fifo_gen/gconvfifo.rf/grf.rf/rstblk/ngwrdrst.grst.g7serrst.gwrrd_rst_sync_stage[2].wrst_inst/ngwrdrst.grst.g7serrst.wr_rst_reg[2]_i_1, with 2 or more inputs, drives asynchronous preset/clear pin(s) dbg_hub/inst/BSCANID.u_xsdbm_id/CORE_XSDB.UUT_MASTER/U_ICON_INTERFACE/U_CMD6_WR/U_WR_FIFO/SUBCORE_FIFO.xsdbm_v3_0_5_wrfifo_inst/inst_fifo_gen/gconvfifo.rf/grf.rf/rstblk/ngwrdrst.grst.g7serrst.wr_rst_reg_reg[0]/PRE,
dbg_hub/inst/BSCANID.u_xsdbm_id/CORE_XSDB.UUT_MASTER/U_ICON_INTERFACE/U_CMD6_WR/U_WR_FIFO/SUBCORE_FIFO.xsdbm_v3_0_5_wrfifo_inst/inst_fifo_gen/gconvfifo.rf/grf.rf/rstblk/ngwrdrst.grst.g7serrst.wr_rst_reg_reg[1]/PRE
dbg_hub/inst/BSCANID.u_xsdbm_id/CORE_XSDB.UUT_MASTER/U_ICON_INTERFACE/U_CMD6_WR/U_WR_FIFO/SUBCORE_FIFO.xsdbm_v3_0_5_wrfifo_inst/inst_fifo_gen/gconvfifo.rf/grf.rf/rstblk/ngwrdrst.grst.g7serrst.wr_rst_reg_reg[2]/PRE. The LUT may glitch and trigger an unexpected reset, even if it is a properly timed path.
Related violations: <none>

LUTAR-1#5 Warning
LUT drives async reset alert  
LUT cell microblaze_i/microblaze_i/mdm_1/U0/MDM_Core_I1/JTAG_CONTROL_I/Use_BSCAN.FDC_I/Use_UART.execute_i_2, with 2 or more inputs, drives asynchronous preset/clear pin(s) microblaze_i/microblaze_i/mdm_1/U0/MDM_Core_I1/JTAG_CONTROL_I/Use_UART.execute_reg/CLR. The LUT may glitch and trigger an unexpected reset, even if it is a properly timed path.
Related violations: <none>

LUTAR-1#6 Warning
LUT drives async reset alert  
LUT cell microblaze_i/microblaze_i/mdm_1/U0/MDM_Core_I1/JTAG_CONTROL_I/sel_n_i_2, with 2 or more inputs, drives asynchronous preset/clear pin(s) microblaze_i/microblaze_i/mdm_1/U0/MDM_Core_I1/JTAG_CONTROL_I/sel_n_reg/PRE. The LUT may glitch and trigger an unexpected reset, even if it is a properly timed path.
Related violations: <none>

LUTAR-1#7 Warning
LUT drives async reset alert  
LUT cell microblaze_i/microblaze_i/microblaze_0/U0/MicroBlaze_Core_I/Area.Core/Implement_Debug_Logic.Master_Core.Debug_Area/Serial_Dbg_Intf.force_stop_cmd_rst_i_i_1, with 2 or more inputs, drives asynchronous preset/clear pin(s) microblaze_i/microblaze_i/microblaze_0/U0/MicroBlaze_Core_I/Area.Core/Implement_Debug_Logic.Master_Core.Debug_Area/Serial_Dbg_Intf.force_stop_TClk_reg/CLR. The LUT may glitch and trigger an unexpected reset, even if it is a properly timed path.
Related violations: <none>

LUTAR-1#8 Warning
LUT drives async reset alert  
LUT cell microblaze_i/microblaze_i/microblaze_0/U0/MicroBlaze_Core_I/Area.Core/Implement_Debug_Logic.Master_Core.Debug_Area/Serial_Dbg_Intf.normal_stop_cmd_rst_i_i_1, with 2 or more inputs, drives asynchronous preset/clear pin(s) microblaze_i/microblaze_i/microblaze_0/U0/MicroBlaze_Core_I/Area.Core/Implement_Debug_Logic.Master_Core.Debug_Area/Serial_Dbg_Intf.normal_stop_TClk_reg/CLR. The LUT may glitch and trigger an unexpected reset, even if it is a properly timed path.
Related violations: <none>

LUTAR-1#9 Warning
LUT drives async reset alert  
LUT cell microblaze_i/rx_dcfifo_i_1, with 2 or more inputs, drives asynchronous preset/clear pin(s) config_i/config_fifo/U0/inst_fifo_gen/gconvfifo.rf/grf.rf/rstblk/ngwrdrst.grst.g7serrst.gnsckt_wrst.gic_rst.rst_rd_reg2_inst/arststages_ff_reg[0]/PRE,
config_i/config_fifo/U0/inst_fifo_gen/gconvfifo.rf/grf.rf/rstblk/ngwrdrst.grst.g7serrst.gnsckt_wrst.gic_rst.rst_rd_reg2_inst/arststages_ff_reg[1]/PRE,
config_i/config_fifo/U0/inst_fifo_gen/gconvfifo.rf/grf.rf/rstblk/ngwrdrst.grst.g7serrst.gnsckt_wrst.rst_wr_reg2_inst/arststages_ff_reg[0]/PRE,
config_i/config_fifo/U0/inst_fifo_gen/gconvfifo.rf/grf.rf/rstblk/ngwrdrst.grst.g7serrst.gnsckt_wrst.rst_wr_reg2_inst/arststages_ff_reg[1]/PRE,
control_i/usb_writedata_reg[5]/CLR, control_i/usb_writedata_reg[6]/CLR,
control_i/usb_writedata_reg[7]/CLR,
usb_sync_i/rx_dcfifo/U0/inst_fifo_gen/gconvfifo.rf/grf.rf/rstblk/ngwrdrst.grst.g7serrst.gnsckt_wrst.gic_rst.rst_rd_reg2_inst/arststages_ff_reg[0]/PRE,
usb_sync_i/rx_dcfifo/U0/inst_fifo_gen/gconvfifo.rf/grf.rf/rstblk/ngwrdrst.grst.g7serrst.gnsckt_wrst.gic_rst.rst_rd_reg2_inst/arststages_ff_reg[1]/PRE,
usb_sync_i/rx_dcfifo/U0/inst_fifo_gen/gconvfifo.rf/grf.rf/rstblk/ngwrdrst.grst.g7serrst.gnsckt_wrst.rst_wr_reg2_inst/arststages_ff_reg[0]/PRE,
usb_sync_i/rx_dcfifo/U0/inst_fifo_gen/gconvfifo.rf/grf.rf/rstblk/ngwrdrst.grst.g7serrst.gnsckt_wrst.rst_wr_reg2_inst/arststages_ff_reg[1]/PRE,
usb_sync_i/tx_dcfifo/U0/inst_fifo_gen/gconvfifo.rf/grf.rf/rstblk/ngwrdrst.grst.g7serrst.gnsckt_wrst.gic_rst.rst_rd_reg2_inst/arststages_ff_reg[0]/PRE,
usb_sync_i/tx_dcfifo/U0/inst_fifo_gen/gconvfifo.rf/grf.rf/rstblk/ngwrdrst.grst.g7serrst.gnsckt_wrst.gic_rst.rst_rd_reg2_inst/arststages_ff_reg[1]/PRE,
usb_sync_i/tx_dcfifo/U0/inst_fifo_gen/gconvfifo.rf/grf.rf/rstblk/ngwrdrst.grst.g7serrst.gnsckt_wrst.rst_wr_reg2_inst/arststages_ff_reg[0]/PRE,
usb_sync_i/tx_dcfifo/U0/inst_fifo_gen/gconvfifo.rf/grf.rf/rstblk/ngwrdrst.grst.g7serrst.gnsckt_wrst.rst_wr_reg2_inst/arststages_ff_reg[1]/PRE
 (the first 15 of 192 listed). The LUT may glitch and trigger an unexpected reset, even if it is a properly timed path.
Related violations: <none>

TIMING-9#1 Warning
Unknown CDC Logic  
One or more asynchronous Clock Domain Crossing has been detected between 2 clock domains through a set_false_path or a set_clock_groups or set_max_delay -datapath_only constraint but no double-registers logic synchronizer has been found on the side of the capture clock. It is recommended to run report_cdc for a complete and detailed CDC coverage. Please consider using XPM_CDC to avoid Critical severities
Related violations: <none>

TIMING-18#1 Warning
Missing input or output delay  
An input delay is missing on adc_data[0] relative to the rising and/or falling clock edge(s) of sysclk.
Related violations: <none>

TIMING-18#2 Warning
Missing input or output delay  
An input delay is missing on adc_data[10] relative to the rising and/or falling clock edge(s) of sysclk.
Related violations: <none>

TIMING-18#3 Warning
Missing input or output delay  
An input delay is missing on adc_data[11] relative to the rising and/or falling clock edge(s) of sysclk.
Related violations: <none>

TIMING-18#4 Warning
Missing input or output delay  
An input delay is missing on adc_data[1] relative to the rising and/or falling clock edge(s) of sysclk.
Related violations: <none>

TIMING-18#5 Warning
Missing input or output delay  
An input delay is missing on adc_data[2] relative to the rising and/or falling clock edge(s) of sysclk.
Related violations: <none>

TIMING-18#6 Warning
Missing input or output delay  
An input delay is missing on adc_data[3] relative to the rising and/or falling clock edge(s) of sysclk.
Related violations: <none>

TIMING-18#7 Warning
Missing input or output delay  
An input delay is missing on adc_data[4] relative to the rising and/or falling clock edge(s) of sysclk.
Related violations: <none>

TIMING-18#8 Warning
Missing input or output delay  
An input delay is missing on adc_data[5] relative to the rising and/or falling clock edge(s) of sysclk.
Related violations: <none>

TIMING-18#9 Warning
Missing input or output delay  
An input delay is missing on adc_data[6] relative to the rising and/or falling clock edge(s) of sysclk.
Related violations: <none>

TIMING-18#10 Warning
Missing input or output delay  
An input delay is missing on adc_data[7] relative to the rising and/or falling clock edge(s) of sysclk.
Related violations: <none>

TIMING-18#11 Warning
Missing input or output delay  
An input delay is missing on adc_data[8] relative to the rising and/or falling clock edge(s) of sysclk.
Related violations: <none>

TIMING-18#12 Warning
Missing input or output delay  
An input delay is missing on adc_data[9] relative to the rising and/or falling clock edge(s) of sysclk.
Related violations: <none>

TIMING-18#13 Warning
Missing input or output delay  
An input delay is missing on adf_muxout relative to the rising and/or falling clock edge(s) of sysclk.
Related violations: <none>

TIMING-18#14 Warning
Missing input or output delay  
An input delay is missing on reset_n relative to the rising and/or falling clock edge(s) of sysclk, usb_clkout.
Related violations: <none>

TIMING-18#15 Warning
Missing input or output delay  
An input delay is missing on usb_data[0] relative to the rising and/or falling clock edge(s) of usb_clkout.
Related violations: <none>

TIMING-18#16 Warning
Missing input or output delay  
An input delay is missing on usb_data[1] relative to the rising and/or falling clock edge(s) of usb_clkout.
Related violations: <none>

TIMING-18#17 Warning
Missing input or output delay  
An input delay is missing on usb_data[2] relative to the rising and/or falling clock edge(s) of usb_clkout.
Related violations: <none>

TIMING-18#18 Warning
Missing input or output delay  
An input delay is missing on usb_data[3] relative to the rising and/or falling clock edge(s) of usb_clkout.
Related violations: <none>

TIMING-18#19 Warning
Missing input or output delay  
An input delay is missing on usb_data[4] relative to the rising and/or falling clock edge(s) of usb_clkout.
Related violations: <none>

TIMING-18#20 Warning
Missing input or output delay  
An input delay is missing on usb_data[5] relative to the rising and/or falling clock edge(s) of usb_clkout.
Related violations: <none>

TIMING-18#21 Warning
Missing input or output delay  
An input delay is missing on usb_data[6] relative to the rising and/or falling clock edge(s) of usb_clkout.
Related violations: <none>

TIMING-18#22 Warning
Missing input or output delay  
An input delay is missing on usb_data[7] relative to the rising and/or falling clock edge(s) of usb_clkout.
Related violations: <none>

TIMING-18#23 Warning
Missing input or output delay  
An input delay is missing on usb_rxf relative to the rising and/or falling clock edge(s) of usb_clkout.
Related violations: <none>

TIMING-18#24 Warning
Missing input or output delay  
An input delay is missing on usb_txe relative to the rising and/or falling clock edge(s) of usb_clkout.
Related violations: <none>

TIMING-18#25 Warning
Missing input or output delay  
An output delay is missing on adc_oe[0] relative to the rising and/or falling clock edge(s) of sysclk.
Related violations: <none>

TIMING-18#26 Warning
Missing input or output delay  
An output delay is missing on adc_oe[1] relative to the rising and/or falling clock edge(s) of sysclk.
Related violations: <none>

TIMING-18#27 Warning
Missing input or output delay  
An output delay is missing on adc_shdn[0] relative to the rising and/or falling clock edge(s) of sysclk.
Related violations: <none>

TIMING-18#28 Warning
Missing input or output delay  
An output delay is missing on adc_shdn[1] relative to the rising and/or falling clock edge(s) of sysclk.
Related violations: <none>

TIMING-18#29 Warning
Missing input or output delay  
An output delay is missing on mix_en relative to the rising and/or falling clock edge(s) of sysclk.
Related violations: <none>

TIMING-18#30 Warning
Missing input or output delay  
An output delay is missing on pa_en relative to the rising and/or falling clock edge(s) of sysclk.
Related violations: <none>

TIMING-18#31 Warning
Missing input or output delay  
An output delay is missing on usb_data[0] relative to the rising and/or falling clock edge(s) of usb_clkout.
Related violations: <none>

TIMING-18#32 Warning
Missing input or output delay  
An output delay is missing on usb_data[1] relative to the rising and/or falling clock edge(s) of usb_clkout.
Related violations: <none>

TIMING-18#33 Warning
Missing input or output delay  
An output delay is missing on usb_data[2] relative to the rising and/or falling clock edge(s) of usb_clkout.
Related violations: <none>

TIMING-18#34 Warning
Missing input or output delay  
An output delay is missing on usb_data[3] relative to the rising and/or falling clock edge(s) of usb_clkout.
Related violations: <none>

TIMING-18#35 Warning
Missing input or output delay  
An output delay is missing on usb_data[4] relative to the rising and/or falling clock edge(s) of usb_clkout.
Related violations: <none>

TIMING-18#36 Warning
Missing input or output delay  
An output delay is missing on usb_data[5] relative to the rising and/or falling clock edge(s) of usb_clkout.
Related violations: <none>

TIMING-18#37 Warning
Missing input or output delay  
An output delay is missing on usb_data[6] relative to the rising and/or falling clock edge(s) of usb_clkout.
Related violations: <none>

TIMING-18#38 Warning
Missing input or output delay  
An output delay is missing on usb_data[7] relative to the rising and/or falling clock edge(s) of usb_clkout.
Related violations: <none>

TIMING-18#39 Warning
Missing input or output delay  
An output delay is missing on usb_oe relative to the rising and/or falling clock edge(s) of usb_clkout.
Related violations: <none>

TIMING-18#40 Warning
Missing input or output delay  
An output delay is missing on usb_rd relative to the rising and/or falling clock edge(s) of usb_clkout.
Related violations: <none>

TIMING-18#41 Warning
Missing input or output delay  
An output delay is missing on usb_wr relative to the rising and/or falling clock edge(s) of usb_clkout.
Related violations: <none>

XDCB-5#1 Warning
Runtime inefficient way to find pin objects  
The option '-from : [get_pins -hierarchical -filter {NAME =~ *ila_core_inst/u_trig/N_DDR_TC.N_DDR_TC_INST[*].U_TC/allx_typeA_match_detection.ltlib_v1_0_3_allx_typeA_inst/DUT/u_srl_drive/CLK}]' of constraint 'set_false_path' uses inefficient query to find pin objects (see constraint position '45' in the Timing Constraint window in Vivado IDE). To reduce runtime, it is recommended to get the pins through the cell objects. Please refer to Using Constraints Guide (Constraints Efficiency). An example of optimal query is: get_pins -filter {REF_PIN_NAME=~yy*} -of_objects [get_cells -hierarchical xx*].
Current XDC: /home/ck/Desktop/Workspace/FPGA_Workspace/Vivado/FMCW3/FMCW3.gen/sources_1/ip/ila_0/ila_v6_2/constraints/ila.xdc (Line: 72)
Related violations: <none>

XDCB-5#2 Warning
Runtime inefficient way to find pin objects  
The option '-to : [get_pins -hierarchical -filter {NAME =~ *ila_core_inst/u_trig/N_DDR_TC.N_DDR_TC_INST[*].U_TC/yes_output_reg.dout_reg_reg/D}]' of constraint 'set_false_path' uses inefficient query to find pin objects (see constraint position '45' in the Timing Constraint window in Vivado IDE). To reduce runtime, it is recommended to get the pins through the cell objects. Please refer to Using Constraints Guide (Constraints Efficiency). An example of optimal query is: get_pins -filter {REF_PIN_NAME=~yy*} -of_objects [get_cells -hierarchical xx*].
Current XDC: /home/ck/Desktop/Workspace/FPGA_Workspace/Vivado/FMCW3/FMCW3.gen/sources_1/ip/ila_0/ila_v6_2/constraints/ila.xdc (Line: 72)
Related violations: <none>

XDCC-1#1 Warning
Scoped Clock constraint overwritten with the same name  
A new clock constraint create_clock overrides a previous scoped clock constraint with the same name. It is not recommended to override a scoped (typically an IP) clock constraint and could result in unexpected behaviors.
New: create_clock -period 25.000 -name sysclk -waveform {0.000 12.500} -add [get_ports sysclk] (Source: /home/ck/Desktop/Workspace/FPGA_Workspace/Vivado/FMCW3/FMCW3.srcs/constrs_1/new/pinout.xdc (Line: 2))
Previous: create_clock -period 25.000 [get_ports sysclk] (Source: /home/ck/Desktop/Workspace/FPGA_Workspace/Vivado/FMCW3/FMCW3.gen/sources_1/ip/clk_wiz_0_1/clk_wiz_0.xdc (Line: 53))
Related violations: <none>


