Copyright 1986-2022 Xilinx, Inc. All Rights Reserved. Copyright 2022-2025 Advanced Micro Devices, Inc. All Rights Reserved.
----------------------------------------------------------------------------------------------------------------------------------------------------
| Tool Version     : Vivado v.2025.2 (lin64) Build 6299465 Fri Nov 14 12:34:56 MST 2025
| Date             : Sat May 16 16:43:43 2026
| Host             : ck-MS-7E62 running 64-bit Ubuntu 25.04
| Command          : report_power -file top_module_power_routed.rpt -pb top_module_power_summary_routed.pb -rpx top_module_power_routed.rpx
| Design           : top_module
| Device           : xc7a35tftg256-1
| Design State     : routed
| Grade            : commercial
| Process          : typical
| Characterization : Production
----------------------------------------------------------------------------------------------------------------------------------------------------

Power Report

Table of Contents
-----------------
1. Summary
1.1 On-Chip Components
1.2 Power Supply Summary
1.3 Confidence Level
2. Settings
2.1 Environment
2.2 Clock Constraints
3. Detailed Reports
3.1 By Hierarchy

1. Summary
----------

+--------------------------+--------------+
| Total On-Chip Power (W)  | 0.265        |
| Design Power Budget (W)  | Unspecified* |
| Power Budget Margin (W)  | NA           |
| Dynamic (W)              | 0.191        |
| Device Static (W)        | 0.074        |
| Effective TJA (C/W)      | 4.9          |
| Max Ambient (C)          | 83.7         |
| Junction Temperature (C) | 26.3         |
| Confidence Level         | Low          |
| Setting File             | ---          |
| Simulation Activity File | ---          |
| Design Nets Matched      | NA           |
+--------------------------+--------------+
* Specify Design Power Budget using, set_operating_conditions -design_power_budget <value in Watts>


1.1 On-Chip Components
----------------------

+--------------------------+-----------+----------+-----------+-----------------+
| On-Chip                  | Power (W) | Used     | Available | Utilization (%) |
+--------------------------+-----------+----------+-----------+-----------------+
| Clocks                   |     0.036 |       10 |       --- |             --- |
| Slice Logic              |     0.017 |    29728 |       --- |             --- |
|   LUT as Logic           |     0.014 |     9115 |     20800 |           43.82 |
|   LUT as Distributed RAM |     0.001 |      252 |      9600 |            2.63 |
|   Register               |    <0.001 |    13637 |     41600 |           32.78 |
|   CARRY4                 |    <0.001 |      489 |      8150 |            6.00 |
|   LUT as Shift Register  |    <0.001 |      788 |      9600 |            8.21 |
|   F7/F8 Muxes            |    <0.001 |      228 |     32600 |            0.70 |
|   Others                 |     0.000 |     2697 |       --- |             --- |
| Signals                  |     0.020 |    20456 |       --- |             --- |
| Block RAM                |     0.004 |     35.5 |        50 |           71.00 |
| MMCM                     |     0.105 |        1 |         5 |           20.00 |
| DSPs                     |     0.003 |        5 |        90 |            5.56 |
| I/O                      |     0.006 |       36 |       170 |           21.18 |
| Static Power             |     0.074 |          |           |                 |
| Total                    |     0.265 |          |           |                 |
+--------------------------+-----------+----------+-----------+-----------------+


1.2 Power Supply Summary
------------------------

+-----------+-------------+-----------+-------------+------------+-------------+-------------+------------+
| Source    | Voltage (V) | Total (A) | Dynamic (A) | Static (A) | Powerup (A) | Budget (A)  | Margin (A) |
+-----------+-------------+-----------+-------------+------------+-------------+-------------+------------+
| Vccint    |       1.000 |     0.091 |       0.080 |      0.011 |       NA    | Unspecified | NA         |
| Vccaux    |       1.800 |     0.071 |       0.059 |      0.013 |       NA    | Unspecified | NA         |
| Vcco33    |       3.300 |     0.003 |       0.002 |      0.001 |       NA    | Unspecified | NA         |
| Vcco25    |       2.500 |     0.000 |       0.000 |      0.000 |       NA    | Unspecified | NA         |
| Vcco18    |       1.800 |     0.000 |       0.000 |      0.000 |       NA    | Unspecified | NA         |
| Vcco15    |       1.500 |     0.000 |       0.000 |      0.000 |       NA    | Unspecified | NA         |
| Vcco135   |       1.350 |     0.000 |       0.000 |      0.000 |       NA    | Unspecified | NA         |
| Vcco12    |       1.200 |     0.000 |       0.000 |      0.000 |       NA    | Unspecified | NA         |
| Vccaux_io |       1.800 |     0.000 |       0.000 |      0.000 |       NA    | Unspecified | NA         |
| Vccbram   |       1.000 |     0.001 |       0.000 |      0.001 |       NA    | Unspecified | NA         |
| MGTAVcc   |       1.000 |     0.000 |       0.000 |      0.000 |       NA    | Unspecified | NA         |
| MGTAVtt   |       1.200 |     0.000 |       0.000 |      0.000 |       NA    | Unspecified | NA         |
| Vccadc    |       1.800 |     0.020 |       0.000 |      0.020 |       NA    | Unspecified | NA         |
+-----------+-------------+-----------+-------------+------------+-------------+-------------+------------+


1.3 Confidence Level
--------------------

+-----------------------------+------------+--------------------------------------------------------+------------------------------------------------------------------------------------------------------------+
| User Input Data             | Confidence | Details                                                | Action                                                                                                     |
+-----------------------------+------------+--------------------------------------------------------+------------------------------------------------------------------------------------------------------------+
| Design implementation state | High       | Design is routed                                       |                                                                                                            |
| Clock nodes activity        | High       | User specified more than 95% of clocks                 |                                                                                                            |
| I/O nodes activity          | Low        | More than 75% of inputs are missing user specification | Provide missing input activity with simulation results or by editing the "By Resource Type -> I/Os" view   |
| Internal nodes activity     | Medium     | User specified less than 25% of internal nodes         | Provide missing internal nodes activity with simulation results or by editing the "By Resource Type" views |
| Device models               | High       | Device models are Production                           |                                                                                                            |
|                             |            |                                                        |                                                                                                            |
| Overall confidence level    | Low        |                                                        |                                                                                                            |
+-----------------------------+------------+--------------------------------------------------------+------------------------------------------------------------------------------------------------------------+


2. Settings
-----------

2.1 Environment
---------------

+-----------------------+--------------------------+
| Ambient Temp (C)      | 25.0                     |
| ThetaJA (C/W)         | 4.9                      |
| Airflow (LFM)         | 250                      |
| Heat Sink             | medium (Medium Profile)  |
| ThetaSA (C/W)         | 4.6                      |
| Board Selection       | medium (10"x10")         |
| # of Board Layers     | 12to15 (12 to 15 Layers) |
| Board Temperature (C) | 25.0                     |
+-----------------------+--------------------------+


2.2 Clock Constraints
---------------------

+--------------------------------------------------------------------------------------------+-------------------------------------------------------------------+-----------------+
| Clock                                                                                      | Domain                                                            | Constraint (ns) |
+--------------------------------------------------------------------------------------------+-------------------------------------------------------------------+-----------------+
| clk_out1_clk_wiz_0                                                                         | clk_wiz_0_inst/inst/clk_out1_clk_wiz_0                            |            25.0 |
| clk_out2_clk_wiz_0                                                                         | clk_wiz_0_inst/inst/clk_out2_clk_wiz_0                            |            10.0 |
| clkfbout_clk_wiz_0                                                                         | clk_wiz_0_inst/inst/clkfbout_clk_wiz_0                            |            25.0 |
| dbg_hub/inst/BSCANID.u_xsdbm_id/SWITCH_N_EXT_BSCAN.bscan_inst/SERIES7_BSCAN.bscan_inst/TCK | dbg_hub/inst/BSCANID.u_xsdbm_id/SWITCH_N_EXT_BSCAN.bscan_inst/TCK |            33.0 |
| microblaze_i/microblaze_i/mdm_1/U0/Use_E2.BSCAN_I/Use_E2.BSCANE2_I/DRCK                    | microblaze_i/microblaze_i/mdm_1/U0/Use_E2.BSCAN_I/DRCK            |            33.3 |
| microblaze_i/microblaze_i/mdm_1/U0/Use_E2.BSCAN_I/Use_E2.BSCANE2_I/UPDATE                  | microblaze_i/microblaze_i/mdm_1/U0/Use_E2.BSCAN_I/Dbg_Update_0    |            33.3 |
| sysclk                                                                                     | sysclk                                                            |            25.0 |
| usb_clk                                                                                    | usb_clk                                                           |            16.7 |
+--------------------------------------------------------------------------------------------+-------------------------------------------------------------------+-----------------+


3. Detailed Reports
-------------------

3.1 By Hierarchy
----------------

+-------------------------------+-----------+
| Name                          | Power (W) |
+-------------------------------+-----------+
| top_module                    |     0.191 |
|   clk_wiz_0_inst              |     0.106 |
|     inst                      |     0.106 |
|   config_i                    |     0.004 |
|     config_fifo               |     0.003 |
|       U0                      |     0.003 |
|   control_i                   |     0.008 |
|     ila3_inst                 |     0.004 |
|       U0                      |     0.004 |
|     ila4_inst                 |     0.004 |
|       U0                      |     0.004 |
|   dbg_hub                     |     0.002 |
|     inst                      |     0.002 |
|       BSCANID.u_xsdbm_id      |     0.002 |
|   ila_0_i                     |     0.003 |
|     U0                        |     0.003 |
|       ila_core_inst           |     0.003 |
|   ila_1_i                     |     0.004 |
|     U0                        |     0.004 |
|       ila_core_inst           |     0.004 |
|   ila_2_i                     |     0.004 |
|     U0                        |     0.004 |
|       ila_core_inst           |     0.004 |
|   microblaze_i                |     0.052 |
|     microblaze_i              |     0.052 |
|       axi_fifo_mm_s_0         |     0.008 |
|       axi_quad_spi_0          |     0.006 |
|       axi_timer_0             |     0.004 |
|       microblaze_0            |     0.025 |
|       microblaze_0_axi_intc   |     0.001 |
|       microblaze_0_axi_periph |     0.006 |
|   usb_sync_i                  |     0.002 |
+-------------------------------+-----------+


