Copyright 1986-2022 Xilinx, Inc. All Rights Reserved. Copyright 2022-2025 Advanced Micro Devices, Inc. All Rights Reserved.
----------------------------------------------------------------------------------------------------------------------------------------------------
| Tool Version     : Vivado v.2025.2 (win64) Build 6299465 Fri Nov 14 19:35:11 GMT 2025
| Date             : Wed Mar 25 09:50:16 2026
| Host             : DESKTOP-BEUFM6D running 64-bit major release  (build 9200)
| Command          : report_power -file top_module_power_routed.rpt -pb top_module_power_summary_routed.pb -rpx top_module_power_routed.rpx
| Design           : top_module
| Device           : xc7a35tftg256-1
| Design State     : routed
| Grade            : commercial
| Process          : typical
| Characterization : Production
----------------------------------------------------------------------------------------------------------------------------------------------------

Power Report

Table of Contents
-----------------
1. Summary
1.1 On-Chip Components
1.2 Power Supply Summary
1.3 Confidence Level
2. Settings
2.1 Environment
2.2 Clock Constraints
3. Detailed Reports
3.1 By Hierarchy

1. Summary
----------

+--------------------------+--------------+
| Total On-Chip Power (W)  | 0.252        |
| Design Power Budget (W)  | Unspecified* |
| Power Budget Margin (W)  | NA           |
| Dynamic (W)              | 0.179        |
| Device Static (W)        | 0.073        |
| Effective TJA (C/W)      | 4.9          |
| Max Ambient (C)          | 83.8         |
| Junction Temperature (C) | 26.2         |
| Confidence Level         | Low          |
| Setting File             | ---          |
| Simulation Activity File | ---          |
| Design Nets Matched      | NA           |
+--------------------------+--------------+
* Specify Design Power Budget using, set_operating_conditions -design_power_budget <value in Watts>


1.1 On-Chip Components
----------------------

+--------------------------+-----------+----------+-----------+-----------------+
| On-Chip                  | Power (W) | Used     | Available | Utilization (%) |
+--------------------------+-----------+----------+-----------+-----------------+
| Clocks                   |     0.028 |       10 |       --- |             --- |
| Slice Logic              |     0.014 |    25643 |       --- |             --- |
|   LUT as Logic           |     0.011 |     8957 |     20800 |           43.06 |
|   LUT as Distributed RAM |    <0.001 |     1936 |      9600 |           20.17 |
|   CARRY4                 |    <0.001 |      319 |      8150 |            3.91 |
|   Register               |    <0.001 |     9788 |     41600 |           23.53 |
|   F7/F8 Muxes            |    <0.001 |      658 |     32600 |            2.02 |
|   LUT as Shift Register  |    <0.001 |      481 |      9600 |            5.01 |
|   Others                 |     0.000 |     1844 |       --- |             --- |
| Signals                  |     0.016 |    16611 |       --- |             --- |
| Block RAM                |     0.003 |       18 |        50 |           36.00 |
| MMCM                     |     0.105 |        1 |         5 |           20.00 |
| DSPs                     |     0.006 |       13 |        90 |           14.44 |
| I/O                      |     0.006 |       55 |       170 |           32.35 |
| Static Power             |     0.073 |          |           |                 |
| Total                    |     0.252 |          |           |                 |
+--------------------------+-----------+----------+-----------+-----------------+


1.2 Power Supply Summary
------------------------

+-----------+-------------+-----------+-------------+------------+-------------+-------------+------------+
| Source    | Voltage (V) | Total (A) | Dynamic (A) | Static (A) | Powerup (A) | Budget (A)  | Margin (A) |
+-----------+-------------+-----------+-------------+------------+-------------+-------------+------------+
| Vccint    |       1.000 |     0.078 |       0.068 |      0.010 |       NA    | Unspecified | NA         |
| Vccaux    |       1.800 |     0.071 |       0.059 |      0.013 |       NA    | Unspecified | NA         |
| Vcco33    |       3.300 |     0.003 |       0.002 |      0.001 |       NA    | Unspecified | NA         |
| Vcco25    |       2.500 |     0.000 |       0.000 |      0.000 |       NA    | Unspecified | NA         |
| Vcco18    |       1.800 |     0.000 |       0.000 |      0.000 |       NA    | Unspecified | NA         |
| Vcco15    |       1.500 |     0.000 |       0.000 |      0.000 |       NA    | Unspecified | NA         |
| Vcco135   |       1.350 |     0.000 |       0.000 |      0.000 |       NA    | Unspecified | NA         |
| Vcco12    |       1.200 |     0.000 |       0.000 |      0.000 |       NA    | Unspecified | NA         |
| Vccaux_io |       1.800 |     0.000 |       0.000 |      0.000 |       NA    | Unspecified | NA         |
| Vccbram   |       1.000 |     0.001 |       0.000 |      0.001 |       NA    | Unspecified | NA         |
| MGTAVcc   |       1.000 |     0.000 |       0.000 |      0.000 |       NA    | Unspecified | NA         |
| MGTAVtt   |       1.200 |     0.000 |       0.000 |      0.000 |       NA    | Unspecified | NA         |
| Vccadc    |       1.800 |     0.020 |       0.000 |      0.020 |       NA    | Unspecified | NA         |
+-----------+-------------+-----------+-------------+------------+-------------+-------------+------------+


1.3 Confidence Level
--------------------

+-----------------------------+------------+--------------------------------------------------------+------------------------------------------------------------------------------------------------------------+
| User Input Data             | Confidence | Details                                                | Action                                                                                                     |
+-----------------------------+------------+--------------------------------------------------------+------------------------------------------------------------------------------------------------------------+
| Design implementation state | High       | Design is routed                                       |                                                                                                            |
| Clock nodes activity        | High       | User specified more than 95% of clocks                 |                                                                                                            |
| I/O nodes activity          | Low        | More than 75% of inputs are missing user specification | Provide missing input activity with simulation results or by editing the "By Resource Type -> I/Os" view   |
| Internal nodes activity     | Medium     | User specified less than 25% of internal nodes         | Provide missing internal nodes activity with simulation results or by editing the "By Resource Type" views |
| Device models               | High       | Device models are Production                           |                                                                                                            |
|                             |            |                                                        |                                                                                                            |
| Overall confidence level    | Low        |                                                        |                                                                                                            |
+-----------------------------+------------+--------------------------------------------------------+------------------------------------------------------------------------------------------------------------+


2. Settings
-----------

2.1 Environment
---------------

+-----------------------+--------------------------+
| Ambient Temp (C)      | 25.0                     |
| ThetaJA (C/W)         | 4.9                      |
| Airflow (LFM)         | 250                      |
| Heat Sink             | medium (Medium Profile)  |
| ThetaSA (C/W)         | 4.6                      |
| Board Selection       | medium (10"x10")         |
| # of Board Layers     | 12to15 (12 to 15 Layers) |
| Board Temperature (C) | 25.0                     |
+-----------------------+--------------------------+


2.2 Clock Constraints
---------------------

+--------------------------------------------------------------------------------------------+-------------------------------------------------------------------+-----------------+
| Clock                                                                                      | Domain                                                            | Constraint (ns) |
+--------------------------------------------------------------------------------------------+-------------------------------------------------------------------+-----------------+
| clk_out1_clk_wiz_0                                                                         | clk_wiz_0_inst/inst/clk_out1_clk_wiz_0                            |            25.0 |
| clk_out2_clk_wiz_0                                                                         | clk_wiz_0_inst/inst/clk_out2_clk_wiz_0                            |            10.0 |
| clkfbout_clk_wiz_0                                                                         | clk_wiz_0_inst/inst/clkfbout_clk_wiz_0                            |            25.0 |
| dbg_hub/inst/BSCANID.u_xsdbm_id/SWITCH_N_EXT_BSCAN.bscan_inst/SERIES7_BSCAN.bscan_inst/TCK | dbg_hub/inst/BSCANID.u_xsdbm_id/SWITCH_N_EXT_BSCAN.bscan_inst/TCK |            33.0 |
| microblaze_i/microblaze_i/mdm_1/U0/Use_E2.BSCAN_I/Use_E2.BSCANE2_I/DRCK                    | microblaze_i/microblaze_i/mdm_1/U0/Use_E2.BSCAN_I/DRCK            |            33.3 |
| microblaze_i/microblaze_i/mdm_1/U0/Use_E2.BSCAN_I/Use_E2.BSCANE2_I/UPDATE                  | microblaze_i/microblaze_i/mdm_1/U0/Use_E2.BSCAN_I/Dbg_Update_0    |            33.3 |
| sysclk                                                                                     | sysclk                                                            |            25.0 |
| usb_clkout                                                                                 | usb_clkout                                                        |            16.7 |
+--------------------------------------------------------------------------------------------+-------------------------------------------------------------------+-----------------+


3. Detailed Reports
-------------------

3.1 By Hierarchy
----------------

+--------------------------+-----------+
| Name                     | Power (W) |
+--------------------------+-----------+
| top_module               |     0.179 |
|   adc_i                  |     0.003 |
|     g_fir.fir1           |     0.001 |
|       U0                 |     0.001 |
|     g_fir.fir2           |     0.001 |
|       U0                 |     0.001 |
|   clk_wiz_0_inst         |     0.106 |
|     inst                 |     0.106 |
|   config_i               |     0.003 |
|   control_i              |     0.003 |
|   dbg_hub                |     0.002 |
|     inst                 |     0.002 |
|       BSCANID.u_xsdbm_id |     0.002 |
|   ila_0_i                |     0.004 |
|     U0                   |     0.004 |
|       ila_core_inst      |     0.004 |
|   microblaze_i           |     0.050 |
|     microblaze_i         |     0.050 |
|       axi_fifo_mm_s_0    |     0.006 |
|       axi_gpio_0         |     0.001 |
|       axi_quad_spi_0     |     0.006 |
|       axi_smc            |     0.006 |
|       axi_timer_0        |     0.004 |
|       microblaze_0       |     0.025 |
|   usb_sync_i             |     0.002 |
|     rx_dcfifo            |     0.001 |
|       U0                 |     0.001 |
+--------------------------+-----------+


