
*** Running vivado
    with args -log microblaze_dlmb_v10_1.vds -m64 -product Vivado -mode batch -messageDb vivado.pb -notrace -source microblaze_dlmb_v10_1.tcl



****** Vivado v2025.2 (64-bit)
  **** SW Build 6299465 on Fri Nov 14 19:35:11 GMT 2025
  **** IP Build 6300035 on Fri Nov 14 10:48:45 MST 2025
  **** SharedData Build 6298862 on Thu Nov 13 04:50:51 MST 2025
  **** Start of session at: Wed Dec 17 14:11:08 2025
    ** Copyright 1986-2022 Xilinx, Inc. All Rights Reserved.
    ** Copyright 2022-2025 Advanced Micro Devices, Inc. All Rights Reserved.

source microblaze_dlmb_v10_1.tcl -notrace
create_project: Time (s): cpu = 00:00:25 ; elapsed = 00:00:34 . Memory (MB): peak = 573.801 ; gain = 218.492
Command: synth_design -top microblaze_dlmb_v10_1 -part xc7a35tftg256-1 -incremental_mode off -mode out_of_context
Starting synth_design
Attempting to get a license for feature 'Synthesis' and/or device 'xc7a35t'
INFO: [Common 17-349] Got license for feature 'Synthesis' and/or device 'xc7a35t'
INFO: [Device 21-403] Loading part xc7a35tftg256-1
INFO: [Synth 8-7079] Multithreading enabled for synth_design using a maximum of 2 processes.
INFO: [Synth 8-7078] Launching helper process for spawning children vivado processes
INFO: [Synth 8-7075] Helper process launched with PID 11384
---------------------------------------------------------------------------------
Starting RTL Elaboration : Time (s): cpu = 00:00:21 ; elapsed = 00:00:39 . Memory (MB): peak = 1315.164 ; gain = 540.672
---------------------------------------------------------------------------------
INFO: [Synth 8-638] synthesizing module 'microblaze_dlmb_v10_1' [c:/Users/CK/Desktop/Vivado/FMCW3/FMCW3.gen/sources_1/bd/microblaze/ip/microblaze_dlmb_v10_1/synth/microblaze_dlmb_v10_1.vhd:89]
	Parameter C_LMB_NUM_SLAVES bound to: 1 - type: integer 
	Parameter C_LMB_DWIDTH bound to: 32 - type: integer 
	Parameter C_LMB_AWIDTH bound to: 32 - type: integer 
	Parameter C_LMB_PROTOCOL bound to: 0 - type: integer 
	Parameter C_LMB_HAS_PROT bound to: 0 - type: integer 
	Parameter C_EXT_RESET_HIGH bound to: 1 - type: integer 
INFO: [Synth 8-3491] module 'lmb_v10' declared at 'c:/Users/CK/Desktop/Vivado/FMCW3/FMCW3.gen/sources_1/bd/microblaze/ipshared/dac4/hdl/lmb_v10_v3_0_vh_rfs.vhd:91' bound to instance 'U0' of component 'lmb_v10' [c:/Users/CK/Desktop/Vivado/FMCW3/FMCW3.gen/sources_1/bd/microblaze/ip/microblaze_dlmb_v10_1/synth/microblaze_dlmb_v10_1.vhd:172]
INFO: [Synth 8-638] synthesizing module 'lmb_v10' [c:/Users/CK/Desktop/Vivado/FMCW3/FMCW3.gen/sources_1/bd/microblaze/ipshared/dac4/hdl/lmb_v10_v3_0_vh_rfs.vhd:143]
INFO: [Synth 8-3491] module 'FDS' declared at 'C:/Xilinx/2025.2/Vivado/scripts/rt/data/unisim_comp.v:49519' bound to instance 'POR_FF_I' of component 'FDS' [c:/Users/CK/Desktop/Vivado/FMCW3/FMCW3.gen/sources_1/bd/microblaze/ipshared/dac4/hdl/lmb_v10_v3_0_vh_rfs.vhd:173]
INFO: [Synth 8-6157] synthesizing module 'FDS' [C:/Xilinx/2025.2/Vivado/scripts/rt/data/unisim_comp.v:49519]
INFO: [Synth 8-6155] done synthesizing module 'FDS' (0#1) [C:/Xilinx/2025.2/Vivado/scripts/rt/data/unisim_comp.v:49519]
INFO: [Synth 8-256] done synthesizing module 'lmb_v10' (0#1) [c:/Users/CK/Desktop/Vivado/FMCW3/FMCW3.gen/sources_1/bd/microblaze/ipshared/dac4/hdl/lmb_v10_v3_0_vh_rfs.vhd:143]
INFO: [Synth 8-256] done synthesizing module 'microblaze_dlmb_v10_1' (0#1) [c:/Users/CK/Desktop/Vivado/FMCW3/FMCW3.gen/sources_1/bd/microblaze/ip/microblaze_dlmb_v10_1/synth/microblaze_dlmb_v10_1.vhd:89]
---------------------------------------------------------------------------------
Finished RTL Elaboration : Time (s): cpu = 00:00:29 ; elapsed = 00:00:50 . Memory (MB): peak = 1439.770 ; gain = 665.277
---------------------------------------------------------------------------------
---------------------------------------------------------------------------------
Start Handling Custom Attributes
---------------------------------------------------------------------------------
---------------------------------------------------------------------------------
Finished Handling Custom Attributes : Time (s): cpu = 00:00:30 ; elapsed = 00:00:50 . Memory (MB): peak = 1439.770 ; gain = 665.277
---------------------------------------------------------------------------------
---------------------------------------------------------------------------------
Finished RTL Optimization Phase 1 : Time (s): cpu = 00:00:30 ; elapsed = 00:00:50 . Memory (MB): peak = 1439.770 ; gain = 665.277
---------------------------------------------------------------------------------
Netlist sorting complete. Time (s): cpu = 00:00:00 ; elapsed = 00:00:00.025 . Memory (MB): peak = 1439.770 ; gain = 0.000
INFO: [Netlist 29-17] Analyzing 1 Unisim elements for replacement
INFO: [Netlist 29-28] Unisim Transformation completed in 0 CPU seconds
INFO: [Project 1-570] Preparing netlist for logic optimization

Processing XDC Constraints
Initializing timing engine
Parsing XDC File [c:/Users/CK/Desktop/Vivado/FMCW3/FMCW3.gen/sources_1/bd/microblaze/ip/microblaze_dlmb_v10_1/microblaze_dlmb_v10_1_ooc.xdc] for cell 'U0'
Finished Parsing XDC File [c:/Users/CK/Desktop/Vivado/FMCW3/FMCW3.gen/sources_1/bd/microblaze/ip/microblaze_dlmb_v10_1/microblaze_dlmb_v10_1_ooc.xdc] for cell 'U0'
Parsing XDC File [C:/Users/CK/Desktop/Vivado/FMCW3/FMCW3.runs/microblaze_dlmb_v10_1_synth_1/dont_touch.xdc]
Finished Parsing XDC File [C:/Users/CK/Desktop/Vivado/FMCW3/FMCW3.runs/microblaze_dlmb_v10_1_synth_1/dont_touch.xdc]
Completed Processing XDC Constraints

Netlist sorting complete. Time (s): cpu = 00:00:00 ; elapsed = 00:00:00 . Memory (MB): peak = 1439.770 ; gain = 0.000
INFO: [Project 1-111] Unisim Transformation Summary:
  A total of 1 instances were transformed.
  FDS => FDSE: 1 instance 

Constraint Validation Runtime : Time (s): cpu = 00:00:00 ; elapsed = 00:00:00.180 . Memory (MB): peak = 1439.770 ; gain = 0.000
INFO: [Designutils 20-5008] Incremental synthesis strategy off
---------------------------------------------------------------------------------
Finished Constraint Validation : Time (s): cpu = 00:01:00 ; elapsed = 00:01:25 . Memory (MB): peak = 1439.770 ; gain = 665.277
---------------------------------------------------------------------------------
---------------------------------------------------------------------------------
Start Loading Part and Timing Information
---------------------------------------------------------------------------------
Loading part: xc7a35tftg256-1
---------------------------------------------------------------------------------
Finished Loading Part and Timing Information : Time (s): cpu = 00:01:00 ; elapsed = 00:01:25 . Memory (MB): peak = 1439.770 ; gain = 665.277
---------------------------------------------------------------------------------
---------------------------------------------------------------------------------
Start Applying 'set_property' XDC Constraints
---------------------------------------------------------------------------------
---------------------------------------------------------------------------------
Finished applying 'set_property' XDC Constraints : Time (s): cpu = 00:01:00 ; elapsed = 00:01:25 . Memory (MB): peak = 1439.770 ; gain = 665.277
---------------------------------------------------------------------------------
---------------------------------------------------------------------------------
Finished RTL Optimization Phase 2 : Time (s): cpu = 00:01:00 ; elapsed = 00:01:26 . Memory (MB): peak = 1439.770 ; gain = 665.277
---------------------------------------------------------------------------------
---------------------------------------------------------------------------------
Start RTL Component Statistics 
---------------------------------------------------------------------------------
Detailed RTL Component Info : 
---------------------------------------------------------------------------------
Finished RTL Component Statistics 
---------------------------------------------------------------------------------
---------------------------------------------------------------------------------
Start Part Resource Summary
---------------------------------------------------------------------------------
Part Resources:
DSPs: 90 (col length:60)
BRAMs: 100 (col length: RAMB18 60 RAMB36 30)
---------------------------------------------------------------------------------
Finished Part Resource Summary
---------------------------------------------------------------------------------
---------------------------------------------------------------------------------
Start Cross Boundary and Area Optimization
---------------------------------------------------------------------------------
---------------------------------------------------------------------------------
Finished Cross Boundary and Area Optimization : Time (s): cpu = 00:01:09 ; elapsed = 00:01:37 . Memory (MB): peak = 1439.770 ; gain = 665.277
---------------------------------------------------------------------------------
---------------------------------------------------------------------------------
Start Applying XDC Timing Constraints
---------------------------------------------------------------------------------
---------------------------------------------------------------------------------
Finished Applying XDC Timing Constraints : Time (s): cpu = 00:01:28 ; elapsed = 00:02:00 . Memory (MB): peak = 1603.859 ; gain = 829.367
---------------------------------------------------------------------------------
---------------------------------------------------------------------------------
Start Timing Optimization
---------------------------------------------------------------------------------
---------------------------------------------------------------------------------
Finished Timing Optimization : Time (s): cpu = 00:01:28 ; elapsed = 00:02:00 . Memory (MB): peak = 1603.934 ; gain = 829.441
---------------------------------------------------------------------------------
---------------------------------------------------------------------------------
Start Technology Mapping
---------------------------------------------------------------------------------
---------------------------------------------------------------------------------
Finished Technology Mapping : Time (s): cpu = 00:01:28 ; elapsed = 00:02:00 . Memory (MB): peak = 1613.508 ; gain = 839.016
---------------------------------------------------------------------------------
---------------------------------------------------------------------------------
Start IO Insertion
---------------------------------------------------------------------------------
---------------------------------------------------------------------------------
Start Flattening Before IO Insertion
---------------------------------------------------------------------------------
---------------------------------------------------------------------------------
Finished Flattening Before IO Insertion
---------------------------------------------------------------------------------
---------------------------------------------------------------------------------
Start Final Netlist Cleanup
---------------------------------------------------------------------------------
---------------------------------------------------------------------------------
Finished Final Netlist Cleanup
---------------------------------------------------------------------------------
---------------------------------------------------------------------------------
Finished IO Insertion : Time (s): cpu = 00:01:46 ; elapsed = 00:02:25 . Memory (MB): peak = 1864.629 ; gain = 1090.137
---------------------------------------------------------------------------------
---------------------------------------------------------------------------------
Start Renaming Generated Instances
---------------------------------------------------------------------------------
---------------------------------------------------------------------------------
Finished Renaming Generated Instances : Time (s): cpu = 00:01:46 ; elapsed = 00:02:25 . Memory (MB): peak = 1864.629 ; gain = 1090.137
---------------------------------------------------------------------------------
---------------------------------------------------------------------------------
Start Rebuilding User Hierarchy
---------------------------------------------------------------------------------
---------------------------------------------------------------------------------
Finished Rebuilding User Hierarchy : Time (s): cpu = 00:01:46 ; elapsed = 00:02:25 . Memory (MB): peak = 1864.629 ; gain = 1090.137
---------------------------------------------------------------------------------
---------------------------------------------------------------------------------
Start Renaming Generated Ports
---------------------------------------------------------------------------------
---------------------------------------------------------------------------------
Finished Renaming Generated Ports : Time (s): cpu = 00:01:46 ; elapsed = 00:02:25 . Memory (MB): peak = 1864.629 ; gain = 1090.137
---------------------------------------------------------------------------------
---------------------------------------------------------------------------------
Start Handling Custom Attributes
---------------------------------------------------------------------------------
---------------------------------------------------------------------------------
Finished Handling Custom Attributes : Time (s): cpu = 00:01:46 ; elapsed = 00:02:25 . Memory (MB): peak = 1864.629 ; gain = 1090.137
---------------------------------------------------------------------------------
---------------------------------------------------------------------------------
Start Renaming Generated Nets
---------------------------------------------------------------------------------
---------------------------------------------------------------------------------
Finished Renaming Generated Nets : Time (s): cpu = 00:01:46 ; elapsed = 00:02:25 . Memory (MB): peak = 1864.629 ; gain = 1090.137
---------------------------------------------------------------------------------
---------------------------------------------------------------------------------
Start Writing Synthesis Report
---------------------------------------------------------------------------------

Report BlackBoxes: 
+-+--------------+----------+
| |BlackBox name |Instances |
+-+--------------+----------+
+-+--------------+----------+

Report Cell Usage: 
+------+-----+------+
|      |Cell |Count |
+------+-----+------+
|1     |FDS  |     1|
+------+-----+------+
---------------------------------------------------------------------------------
Finished Writing Synthesis Report : Time (s): cpu = 00:01:46 ; elapsed = 00:02:25 . Memory (MB): peak = 1864.629 ; gain = 1090.137
---------------------------------------------------------------------------------
Synthesis finished with 0 errors, 0 critical warnings and 0 warnings.
Synthesis Optimization Runtime : Time (s): cpu = 00:01:10 ; elapsed = 00:02:17 . Memory (MB): peak = 1864.629 ; gain = 1090.137
Synthesis Optimization Complete : Time (s): cpu = 00:01:47 ; elapsed = 00:02:26 . Memory (MB): peak = 1864.629 ; gain = 1090.137
INFO: [Project 1-571] Translating synthesized netlist
Netlist sorting complete. Time (s): cpu = 00:00:00 ; elapsed = 00:00:00.086 . Memory (MB): peak = 1864.629 ; gain = 0.000
INFO: [Netlist 29-17] Analyzing 1 Unisim elements for replacement
INFO: [Netlist 29-28] Unisim Transformation completed in 0 CPU seconds
INFO: [Project 1-570] Preparing netlist for logic optimization
INFO: [Opt 31-138] Pushed 0 inverter(s) to 0 load pin(s).
Netlist sorting complete. Time (s): cpu = 00:00:00 ; elapsed = 00:00:00 . Memory (MB): peak = 1871.090 ; gain = 0.000
INFO: [Project 1-111] Unisim Transformation Summary:
  A total of 1 instances were transformed.
  FDS => FDSE: 1 instance 

Synth Design complete | Checksum: 6162f160
INFO: [Common 17-83] Releasing license: Synthesis
25 Infos, 0 Warnings, 0 Critical Warnings and 0 Errors encountered.
synth_design completed successfully
synth_design: Time (s): cpu = 00:01:59 ; elapsed = 00:02:49 . Memory (MB): peak = 1871.090 ; gain = 1285.043
INFO: [Common 17-1381] The checkpoint 'C:/Users/CK/Desktop/Vivado/FMCW3/FMCW3.runs/microblaze_dlmb_v10_1_synth_1/microblaze_dlmb_v10_1.dcp' has been generated.
INFO: [Coretcl 2-1648] Added synthesis output to IP cache for IP microblaze_dlmb_v10_1, cache-ID = d6d026e8363af17e
INFO: [Common 17-1381] The checkpoint 'C:/Users/CK/Desktop/Vivado/FMCW3/FMCW3.runs/microblaze_dlmb_v10_1_synth_1/microblaze_dlmb_v10_1.dcp' has been generated.
INFO: [Vivado 12-24828] Executing command : report_utilization -file microblaze_dlmb_v10_1_utilization_synth.rpt -pb microblaze_dlmb_v10_1_utilization_synth.pb
INFO: [Common 17-206] Exiting Vivado at Wed Dec 17 14:14:58 2025...
