
*** Running vivado
    with args -log microblaze_ilmb_bram_if_cntlr_5.vds -m64 -product Vivado -mode batch -messageDb vivado.pb -notrace -source microblaze_ilmb_bram_if_cntlr_5.tcl


****** Vivado v2025.2 (64-bit)
  **** SW Build 6299465 on Fri Nov 14 12:34:56 MST 2025
  **** IP Build 6300035 on Fri Nov 14 10:48:45 MST 2025
  **** SharedData Build 6298862 on Thu Nov 13 04:50:51 MST 2025
  **** Start of session at: Mon Aug  3 14:48:07 2026
    ** Copyright 1986-2022 Xilinx, Inc. All Rights Reserved.
    ** Copyright 2022-2025 Advanced Micro Devices, Inc. All Rights Reserved.

source microblaze_ilmb_bram_if_cntlr_5.tcl -notrace
Command: synth_design -top microblaze_ilmb_bram_if_cntlr_5 -part xc7a100tftg256-1 -incremental_mode off -mode out_of_context
Starting synth_design
Attempting to get a license for feature 'Synthesis' and/or device 'xc7a100t'
INFO: [Common 17-349] Got license for feature 'Synthesis' and/or device 'xc7a100t'
INFO: [Device 21-403] Loading part xc7a100tftg256-1
INFO: [Synth 8-7079] Multithreading enabled for synth_design using a maximum of 7 processes.
INFO: [Synth 8-7078] Launching helper process for spawning children vivado processes
INFO: [Synth 8-7075] Helper process launched with PID 68541
---------------------------------------------------------------------------------
Starting RTL Elaboration : Time (s): cpu = 00:00:03 ; elapsed = 00:00:03 . Memory (MB): peak = 2511.363 ; gain = 232.688 ; free physical = 15954 ; free virtual = 32529
---------------------------------------------------------------------------------
INFO: [Synth 8-638] synthesizing module 'microblaze_ilmb_bram_if_cntlr_5' [/home/ck/Desktop/Workspace/FPGA_Workspace/Vivado/FMCW3_100T/FMCW3.gen/sources_1/bd/microblaze/ip/microblaze_ilmb_bram_if_cntlr_5/synth/microblaze_ilmb_bram_if_cntlr_5.vhd:84]
	Parameter C_FAMILY bound to: artix7 - type: string 
	Parameter C_HIGHADDR bound to: 64'b0000000000000000000000000000000000000000000000001111111111111111 
	Parameter C_BASEADDR bound to: 64'b0000000000000000000000000000000000000000000000000000000000000000 
	Parameter C_NUM_LMB bound to: 1 - type: integer 
	Parameter C_MASK bound to: 64'b0000000000000000000000000000000000000000000000000000000000000000 
	Parameter C_MASK1 bound to: 64'b0000000000000000000000000000000000000000100000000000000000000000 
	Parameter C_MASK2 bound to: 64'b0000000000000000000000000000000000000000100000000000000000000000 
	Parameter C_MASK3 bound to: 64'b0000000000000000000000000000000000000000100000000000000000000000 
	Parameter C_MASK4 bound to: 64'b0000000000000000000000000000000000000000100000000000000000000000 
	Parameter C_MASK5 bound to: 64'b0000000000000000000000000000000000000000100000000000000000000000 
	Parameter C_MASK6 bound to: 64'b0000000000000000000000000000000000000000100000000000000000000000 
	Parameter C_MASK7 bound to: 64'b0000000000000000000000000000000000000000100000000000000000000000 
	Parameter C_PROT_CFG bound to: 8'b11111111 
	Parameter C_PROT_CFG1 bound to: 8'b11111111 
	Parameter C_PROT_CFG2 bound to: 8'b11111111 
	Parameter C_PROT_CFG3 bound to: 8'b11111111 
	Parameter C_PROT_CFG4 bound to: 8'b11111111 
	Parameter C_PROT_CFG5 bound to: 8'b11111111 
	Parameter C_PROT_CFG6 bound to: 8'b11111111 
	Parameter C_PROT_CFG7 bound to: 8'b11111111 
	Parameter C_LMB_AWIDTH bound to: 32 - type: integer 
	Parameter C_LMB_DWIDTH bound to: 32 - type: integer 
	Parameter C_LMB_PROTOCOL bound to: 0 - type: integer 
	Parameter C_LMB_HAS_PROT bound to: 0 - type: integer 
	Parameter C_ARBITRATION bound to: 0 - type: integer 
	Parameter C_ECC bound to: 0 - type: integer 
	Parameter C_INTERCONNECT bound to: 0 - type: integer 
	Parameter C_FAULT_INJECT bound to: 0 - type: integer 
	Parameter C_CE_FAILING_REGISTERS bound to: 0 - type: integer 
	Parameter C_UE_FAILING_REGISTERS bound to: 0 - type: integer 
	Parameter C_ECC_STATUS_REGISTERS bound to: 0 - type: integer 
	Parameter C_ECC_ONOFF_REGISTER bound to: 0 - type: integer 
	Parameter C_ECC_ONOFF_RESET_VALUE bound to: 1 - type: integer 
	Parameter C_CE_COUNTER_WIDTH bound to: 0 - type: integer 
	Parameter C_WRITE_ACCESS bound to: 2 - type: integer 
	Parameter C_BRAM_AWIDTH bound to: 32 - type: integer 
	Parameter C_S_AXI_CTRL_ADDR_WIDTH bound to: 32 - type: integer 
	Parameter C_S_AXI_CTRL_DATA_WIDTH bound to: 32 - type: integer 
INFO: [Synth 8-3491] module 'lmb_bram_if_cntlr' declared at '/home/ck/Desktop/Workspace/FPGA_Workspace/Vivado/FMCW3_100T/FMCW3.gen/sources_1/bd/microblaze/ipshared/7cd0/hdl/lmb_bram_if_cntlr_v4_0_vh_rfs.vhd:5107' bound to instance 'U0' of component 'lmb_bram_if_cntlr' [/home/ck/Desktop/Workspace/FPGA_Workspace/Vivado/FMCW3_100T/FMCW3.gen/sources_1/bd/microblaze/ip/microblaze_ilmb_bram_if_cntlr_5/synth/microblaze_ilmb_bram_if_cntlr_5.vhd:298]
INFO: [Synth 8-638] synthesizing module 'lmb_bram_if_cntlr' [/home/ck/Desktop/Workspace/FPGA_Workspace/Vivado/FMCW3_100T/FMCW3.gen/sources_1/bd/microblaze/ipshared/7cd0/hdl/lmb_bram_if_cntlr_v4_0_vh_rfs.vhd:5306]
	Parameter C_TARGET bound to: 2 - type: integer 
	Parameter C_BASEADDR bound to: 64'b0000000000000000000000000000000000000000000000000000000000000000 
	Parameter C_MASK bound to: 64'b0000000000000000000000000000000000000000000000000000000000000000 
	Parameter C_MASK1 bound to: 64'b0000000000000000000000000000000000000000100000000000000000000000 
	Parameter C_MASK2 bound to: 64'b0000000000000000000000000000000000000000100000000000000000000000 
	Parameter C_MASK3 bound to: 64'b0000000000000000000000000000000000000000100000000000000000000000 
	Parameter C_MASK4 bound to: 64'b0000000000000000000000000000000000000000100000000000000000000000 
	Parameter C_MASK5 bound to: 64'b0000000000000000000000000000000000000000100000000000000000000000 
	Parameter C_MASK6 bound to: 64'b0000000000000000000000000000000000000000100000000000000000000000 
	Parameter C_MASK7 bound to: 64'b0000000000000000000000000000000000000000100000000000000000000000 
	Parameter C_PROT_CFG bound to: 8'b11111111 
	Parameter C_PROT_CFG1 bound to: 8'b11111111 
	Parameter C_PROT_CFG2 bound to: 8'b11111111 
	Parameter C_PROT_CFG3 bound to: 8'b11111111 
	Parameter C_PROT_CFG4 bound to: 8'b11111111 
	Parameter C_PROT_CFG5 bound to: 8'b11111111 
	Parameter C_PROT_CFG6 bound to: 8'b11111111 
	Parameter C_PROT_CFG7 bound to: 8'b11111111 
	Parameter C_LMB_AWIDTH bound to: 32 - type: integer 
	Parameter C_LMB_DWIDTH bound to: 32 - type: integer 
	Parameter C_ECC_WIDTH bound to: 7 - type: integer 
	Parameter C_ECC bound to: 0 - type: integer 
	Parameter C_NUM_LMB bound to: 1 - type: integer 
	Parameter C_LMB_PROTOCOL bound to: 0 - type: integer 
	Parameter C_LMB_HAS_PROT bound to: 0 - type: integer 
	Parameter C_ARBITRATION bound to: 0 - type: integer 
INFO: [Synth 8-3491] module 'lmb_mux' declared at '/home/ck/Desktop/Workspace/FPGA_Workspace/Vivado/FMCW3_100T/FMCW3.gen/sources_1/bd/microblaze/ipshared/7cd0/hdl/lmb_bram_if_cntlr_v4_0_vh_rfs.vhd:4145' bound to instance 'lmb_mux_I' of component 'lmb_mux' [/home/ck/Desktop/Workspace/FPGA_Workspace/Vivado/FMCW3_100T/FMCW3.gen/sources_1/bd/microblaze/ipshared/7cd0/hdl/lmb_bram_if_cntlr_v4_0_vh_rfs.vhd:5657]
INFO: [Synth 8-638] synthesizing module 'lmb_mux' [/home/ck/Desktop/Workspace/FPGA_Workspace/Vivado/FMCW3_100T/FMCW3.gen/sources_1/bd/microblaze/ipshared/7cd0/hdl/lmb_bram_if_cntlr_v4_0_vh_rfs.vhd:4309]
	Parameter C_AW bound to: 32 - type: integer 
	Parameter C_BAR bound to: 64'b0000000000000000000000000000000000000000000000000000000000000000 
	Parameter C_MASK bound to: 64'b0000000000000000000000000000000000000000000000000000000000000000 
INFO: [Synth 8-3491] module 'pselect_mask' declared at '/home/ck/Desktop/Workspace/FPGA_Workspace/Vivado/FMCW3_100T/FMCW3.gen/sources_1/bd/microblaze/ipshared/7cd0/hdl/lmb_bram_if_cntlr_v4_0_vh_rfs.vhd:3470' bound to instance 'pselect_mask_lmb' of component 'pselect_mask' [/home/ck/Desktop/Workspace/FPGA_Workspace/Vivado/FMCW3_100T/FMCW3.gen/sources_1/bd/microblaze/ipshared/7cd0/hdl/lmb_bram_if_cntlr_v4_0_vh_rfs.vhd:4435]
INFO: [Synth 8-638] synthesizing module 'pselect_mask' [/home/ck/Desktop/Workspace/FPGA_Workspace/Vivado/FMCW3_100T/FMCW3.gen/sources_1/bd/microblaze/ipshared/7cd0/hdl/lmb_bram_if_cntlr_v4_0_vh_rfs.vhd:3485]
INFO: [Synth 8-256] done synthesizing module 'pselect_mask' (0#1) [/home/ck/Desktop/Workspace/FPGA_Workspace/Vivado/FMCW3_100T/FMCW3.gen/sources_1/bd/microblaze/ipshared/7cd0/hdl/lmb_bram_if_cntlr_v4_0_vh_rfs.vhd:3485]
INFO: [Synth 8-256] done synthesizing module 'lmb_mux' (0#1) [/home/ck/Desktop/Workspace/FPGA_Workspace/Vivado/FMCW3_100T/FMCW3.gen/sources_1/bd/microblaze/ipshared/7cd0/hdl/lmb_bram_if_cntlr_v4_0_vh_rfs.vhd:4309]
INFO: [Synth 8-256] done synthesizing module 'lmb_bram_if_cntlr' (0#1) [/home/ck/Desktop/Workspace/FPGA_Workspace/Vivado/FMCW3_100T/FMCW3.gen/sources_1/bd/microblaze/ipshared/7cd0/hdl/lmb_bram_if_cntlr_v4_0_vh_rfs.vhd:5306]
INFO: [Synth 8-256] done synthesizing module 'microblaze_ilmb_bram_if_cntlr_5' (0#1) [/home/ck/Desktop/Workspace/FPGA_Workspace/Vivado/FMCW3_100T/FMCW3.gen/sources_1/bd/microblaze/ip/microblaze_ilmb_bram_if_cntlr_5/synth/microblaze_ilmb_bram_if_cntlr_5.vhd:84]
INFO: [Synth 8-7129] Port A[0] in module pselect_mask is either unconnected or has no load
INFO: [Synth 8-7129] Port A[1] in module pselect_mask is either unconnected or has no load
INFO: [Synth 8-7129] Port A[2] in module pselect_mask is either unconnected or has no load
INFO: [Synth 8-7129] Port A[3] in module pselect_mask is either unconnected or has no load
INFO: [Synth 8-7129] Port A[4] in module pselect_mask is either unconnected or has no load
INFO: [Synth 8-7129] Port A[5] in module pselect_mask is either unconnected or has no load
INFO: [Synth 8-7129] Port A[6] in module pselect_mask is either unconnected or has no load
INFO: [Synth 8-7129] Port A[7] in module pselect_mask is either unconnected or has no load
INFO: [Synth 8-7129] Port A[8] in module pselect_mask is either unconnected or has no load
INFO: [Synth 8-7129] Port A[9] in module pselect_mask is either unconnected or has no load
INFO: [Synth 8-7129] Port A[10] in module pselect_mask is either unconnected or has no load
INFO: [Synth 8-7129] Port A[11] in module pselect_mask is either unconnected or has no load
INFO: [Synth 8-7129] Port A[12] in module pselect_mask is either unconnected or has no load
INFO: [Synth 8-7129] Port A[13] in module pselect_mask is either unconnected or has no load
INFO: [Synth 8-7129] Port A[14] in module pselect_mask is either unconnected or has no load
INFO: [Synth 8-7129] Port A[15] in module pselect_mask is either unconnected or has no load
INFO: [Synth 8-7129] Port A[16] in module pselect_mask is either unconnected or has no load
INFO: [Synth 8-7129] Port A[17] in module pselect_mask is either unconnected or has no load
INFO: [Synth 8-7129] Port A[18] in module pselect_mask is either unconnected or has no load
INFO: [Synth 8-7129] Port A[19] in module pselect_mask is either unconnected or has no load
INFO: [Synth 8-7129] Port A[20] in module pselect_mask is either unconnected or has no load
INFO: [Synth 8-7129] Port A[21] in module pselect_mask is either unconnected or has no load
INFO: [Synth 8-7129] Port A[22] in module pselect_mask is either unconnected or has no load
INFO: [Synth 8-7129] Port A[23] in module pselect_mask is either unconnected or has no load
INFO: [Synth 8-7129] Port A[24] in module pselect_mask is either unconnected or has no load
INFO: [Synth 8-7129] Port A[25] in module pselect_mask is either unconnected or has no load
INFO: [Synth 8-7129] Port A[26] in module pselect_mask is either unconnected or has no load
INFO: [Synth 8-7129] Port A[27] in module pselect_mask is either unconnected or has no load
INFO: [Synth 8-7129] Port A[28] in module pselect_mask is either unconnected or has no load
INFO: [Synth 8-7129] Port A[29] in module pselect_mask is either unconnected or has no load
INFO: [Synth 8-7129] Port A[30] in module pselect_mask is either unconnected or has no load
INFO: [Synth 8-7129] Port A[31] in module pselect_mask is either unconnected or has no load
INFO: [Synth 8-7129] Port LMB_Clk in module lmb_mux is either unconnected or has no load
INFO: [Synth 8-7129] Port LMB_Rst in module lmb_mux is either unconnected or has no load
INFO: [Synth 8-7129] Port LMB1_ABus[0] in module lmb_mux is either unconnected or has no load
INFO: [Synth 8-7129] Port LMB1_ABus[1] in module lmb_mux is either unconnected or has no load
INFO: [Synth 8-7129] Port LMB1_ABus[2] in module lmb_mux is either unconnected or has no load
INFO: [Synth 8-7129] Port LMB1_ABus[3] in module lmb_mux is either unconnected or has no load
INFO: [Synth 8-7129] Port LMB1_ABus[4] in module lmb_mux is either unconnected or has no load
INFO: [Synth 8-7129] Port LMB1_ABus[5] in module lmb_mux is either unconnected or has no load
INFO: [Synth 8-7129] Port LMB1_ABus[6] in module lmb_mux is either unconnected or has no load
INFO: [Synth 8-7129] Port LMB1_ABus[7] in module lmb_mux is either unconnected or has no load
INFO: [Synth 8-7129] Port LMB1_ABus[8] in module lmb_mux is either unconnected or has no load
INFO: [Synth 8-7129] Port LMB1_ABus[9] in module lmb_mux is either unconnected or has no load
INFO: [Synth 8-7129] Port LMB1_ABus[10] in module lmb_mux is either unconnected or has no load
INFO: [Synth 8-7129] Port LMB1_ABus[11] in module lmb_mux is either unconnected or has no load
INFO: [Synth 8-7129] Port LMB1_ABus[12] in module lmb_mux is either unconnected or has no load
INFO: [Synth 8-7129] Port LMB1_ABus[13] in module lmb_mux is either unconnected or has no load
INFO: [Synth 8-7129] Port LMB1_ABus[14] in module lmb_mux is either unconnected or has no load
INFO: [Synth 8-7129] Port LMB1_ABus[15] in module lmb_mux is either unconnected or has no load
INFO: [Synth 8-7129] Port LMB1_ABus[16] in module lmb_mux is either unconnected or has no load
INFO: [Synth 8-7129] Port LMB1_ABus[17] in module lmb_mux is either unconnected or has no load
INFO: [Synth 8-7129] Port LMB1_ABus[18] in module lmb_mux is either unconnected or has no load
INFO: [Synth 8-7129] Port LMB1_ABus[19] in module lmb_mux is either unconnected or has no load
INFO: [Synth 8-7129] Port LMB1_ABus[20] in module lmb_mux is either unconnected or has no load
INFO: [Synth 8-7129] Port LMB1_ABus[21] in module lmb_mux is either unconnected or has no load
INFO: [Synth 8-7129] Port LMB1_ABus[22] in module lmb_mux is either unconnected or has no load
INFO: [Synth 8-7129] Port LMB1_ABus[23] in module lmb_mux is either unconnected or has no load
INFO: [Synth 8-7129] Port LMB1_ABus[24] in module lmb_mux is either unconnected or has no load
INFO: [Synth 8-7129] Port LMB1_ABus[25] in module lmb_mux is either unconnected or has no load
INFO: [Synth 8-7129] Port LMB1_ABus[26] in module lmb_mux is either unconnected or has no load
INFO: [Synth 8-7129] Port LMB1_ABus[27] in module lmb_mux is either unconnected or has no load
INFO: [Synth 8-7129] Port LMB1_ABus[28] in module lmb_mux is either unconnected or has no load
INFO: [Synth 8-7129] Port LMB1_ABus[29] in module lmb_mux is either unconnected or has no load
INFO: [Synth 8-7129] Port LMB1_ABus[30] in module lmb_mux is either unconnected or has no load
INFO: [Synth 8-7129] Port LMB1_ABus[31] in module lmb_mux is either unconnected or has no load
INFO: [Synth 8-7129] Port LMB1_Prot[0] in module lmb_mux is either unconnected or has no load
INFO: [Synth 8-7129] Port LMB1_Prot[1] in module lmb_mux is either unconnected or has no load
INFO: [Synth 8-7129] Port LMB1_WriteDBus[0] in module lmb_mux is either unconnected or has no load
INFO: [Synth 8-7129] Port LMB1_WriteDBus[1] in module lmb_mux is either unconnected or has no load
INFO: [Synth 8-7129] Port LMB1_WriteDBus[2] in module lmb_mux is either unconnected or has no load
INFO: [Synth 8-7129] Port LMB1_WriteDBus[3] in module lmb_mux is either unconnected or has no load
INFO: [Synth 8-7129] Port LMB1_WriteDBus[4] in module lmb_mux is either unconnected or has no load
INFO: [Synth 8-7129] Port LMB1_WriteDBus[5] in module lmb_mux is either unconnected or has no load
INFO: [Synth 8-7129] Port LMB1_WriteDBus[6] in module lmb_mux is either unconnected or has no load
INFO: [Synth 8-7129] Port LMB1_WriteDBus[7] in module lmb_mux is either unconnected or has no load
INFO: [Synth 8-7129] Port LMB1_WriteDBus[8] in module lmb_mux is either unconnected or has no load
INFO: [Synth 8-7129] Port LMB1_WriteDBus[9] in module lmb_mux is either unconnected or has no load
INFO: [Synth 8-7129] Port LMB1_WriteDBus[10] in module lmb_mux is either unconnected or has no load
INFO: [Synth 8-7129] Port LMB1_WriteDBus[11] in module lmb_mux is either unconnected or has no load
INFO: [Synth 8-7129] Port LMB1_WriteDBus[12] in module lmb_mux is either unconnected or has no load
INFO: [Synth 8-7129] Port LMB1_WriteDBus[13] in module lmb_mux is either unconnected or has no load
INFO: [Synth 8-7129] Port LMB1_WriteDBus[14] in module lmb_mux is either unconnected or has no load
INFO: [Synth 8-7129] Port LMB1_WriteDBus[15] in module lmb_mux is either unconnected or has no load
INFO: [Synth 8-7129] Port LMB1_WriteDBus[16] in module lmb_mux is either unconnected or has no load
INFO: [Synth 8-7129] Port LMB1_WriteDBus[17] in module lmb_mux is either unconnected or has no load
INFO: [Synth 8-7129] Port LMB1_WriteDBus[18] in module lmb_mux is either unconnected or has no load
INFO: [Synth 8-7129] Port LMB1_WriteDBus[19] in module lmb_mux is either unconnected or has no load
INFO: [Synth 8-7129] Port LMB1_WriteDBus[20] in module lmb_mux is either unconnected or has no load
INFO: [Synth 8-7129] Port LMB1_WriteDBus[21] in module lmb_mux is either unconnected or has no load
INFO: [Synth 8-7129] Port LMB1_WriteDBus[22] in module lmb_mux is either unconnected or has no load
INFO: [Synth 8-7129] Port LMB1_WriteDBus[23] in module lmb_mux is either unconnected or has no load
INFO: [Synth 8-7129] Port LMB1_WriteDBus[24] in module lmb_mux is either unconnected or has no load
INFO: [Synth 8-7129] Port LMB1_WriteDBus[25] in module lmb_mux is either unconnected or has no load
INFO: [Synth 8-7129] Port LMB1_WriteDBus[26] in module lmb_mux is either unconnected or has no load
INFO: [Synth 8-7129] Port LMB1_WriteDBus[27] in module lmb_mux is either unconnected or has no load
INFO: [Synth 8-7129] Port LMB1_WriteDBus[28] in module lmb_mux is either unconnected or has no load
INFO: [Synth 8-7129] Port LMB1_WriteDBus[29] in module lmb_mux is either unconnected or has no load
INFO: [Synth 8-7129] Port LMB1_WriteDBus[30] in module lmb_mux is either unconnected or has no load
INFO: [Synth 8-7129] Port LMB1_WriteDBus[31] in module lmb_mux is either unconnected or has no load
INFO: [Common 17-14] Message 'Synth 8-7129' appears 100 times and further instances of the messages will be disabled. Use the Tcl command set_msg_config to change the current settings.
---------------------------------------------------------------------------------
Finished RTL Elaboration : Time (s): cpu = 00:00:04 ; elapsed = 00:00:04 . Memory (MB): peak = 2606.301 ; gain = 327.625 ; free physical = 14315 ; free virtual = 30893
---------------------------------------------------------------------------------
---------------------------------------------------------------------------------
Start Handling Custom Attributes
---------------------------------------------------------------------------------
---------------------------------------------------------------------------------
Finished Handling Custom Attributes : Time (s): cpu = 00:00:04 ; elapsed = 00:00:04 . Memory (MB): peak = 2621.145 ; gain = 342.469 ; free physical = 14278 ; free virtual = 30857
---------------------------------------------------------------------------------
---------------------------------------------------------------------------------
Finished RTL Optimization Phase 1 : Time (s): cpu = 00:00:04 ; elapsed = 00:00:04 . Memory (MB): peak = 2621.145 ; gain = 342.469 ; free physical = 14278 ; free virtual = 30857
---------------------------------------------------------------------------------
Netlist sorting complete. Time (s): cpu = 00:00:00 ; elapsed = 00:00:00 . Memory (MB): peak = 2621.145 ; gain = 0.000 ; free physical = 14231 ; free virtual = 30811
INFO: [Project 1-570] Preparing netlist for logic optimization

Processing XDC Constraints
Initializing timing engine
Parsing XDC File [/home/ck/Desktop/Workspace/FPGA_Workspace/Vivado/FMCW3_100T/FMCW3.gen/sources_1/bd/microblaze/ip/microblaze_ilmb_bram_if_cntlr_5/microblaze_ilmb_bram_if_cntlr_5_ooc.xdc] for cell 'U0'
Finished Parsing XDC File [/home/ck/Desktop/Workspace/FPGA_Workspace/Vivado/FMCW3_100T/FMCW3.gen/sources_1/bd/microblaze/ip/microblaze_ilmb_bram_if_cntlr_5/microblaze_ilmb_bram_if_cntlr_5_ooc.xdc] for cell 'U0'
Parsing XDC File [/home/ck/Desktop/Workspace/FPGA_Workspace/Vivado/FMCW3_100T/FMCW3.runs/microblaze_ilmb_bram_if_cntlr_5_synth_1/dont_touch.xdc]
Finished Parsing XDC File [/home/ck/Desktop/Workspace/FPGA_Workspace/Vivado/FMCW3_100T/FMCW3.runs/microblaze_ilmb_bram_if_cntlr_5_synth_1/dont_touch.xdc]
Completed Processing XDC Constraints

Netlist sorting complete. Time (s): cpu = 00:00:00 ; elapsed = 00:00:00 . Memory (MB): peak = 2688.914 ; gain = 0.000 ; free physical = 13390 ; free virtual = 29977
INFO: [Project 1-111] Unisim Transformation Summary:
No Unisim elements were transformed.

Constraint Validation Runtime : Time (s): cpu = 00:00:00.01 ; elapsed = 00:00:00.01 . Memory (MB): peak = 2688.949 ; gain = 0.000 ; free physical = 13356 ; free virtual = 29939
INFO: [Designutils 20-5008] Incremental synthesis strategy off
---------------------------------------------------------------------------------
Finished Constraint Validation : Time (s): cpu = 00:00:09 ; elapsed = 00:00:09 . Memory (MB): peak = 2688.949 ; gain = 410.273 ; free physical = 11363 ; free virtual = 27971
---------------------------------------------------------------------------------
---------------------------------------------------------------------------------
Start Loading Part and Timing Information
---------------------------------------------------------------------------------
Loading part: xc7a100tftg256-1
---------------------------------------------------------------------------------
Finished Loading Part and Timing Information : Time (s): cpu = 00:00:09 ; elapsed = 00:00:09 . Memory (MB): peak = 2696.918 ; gain = 418.242 ; free physical = 11363 ; free virtual = 27971
---------------------------------------------------------------------------------
---------------------------------------------------------------------------------
Start Applying 'set_property' XDC Constraints
---------------------------------------------------------------------------------
---------------------------------------------------------------------------------
Finished applying 'set_property' XDC Constraints : Time (s): cpu = 00:00:09 ; elapsed = 00:00:09 . Memory (MB): peak = 2696.918 ; gain = 418.242 ; free physical = 11363 ; free virtual = 27971
---------------------------------------------------------------------------------
---------------------------------------------------------------------------------
Finished RTL Optimization Phase 2 : Time (s): cpu = 00:00:09 ; elapsed = 00:00:09 . Memory (MB): peak = 2696.918 ; gain = 418.242 ; free physical = 11329 ; free virtual = 27937
---------------------------------------------------------------------------------
---------------------------------------------------------------------------------
Start RTL Component Statistics 
---------------------------------------------------------------------------------
Detailed RTL Component Info : 
+---Registers : 
	                1 Bit    Registers := 3     
+---Muxes : 
	   2 Input    1 Bit        Muxes := 1     
---------------------------------------------------------------------------------
Finished RTL Component Statistics 
---------------------------------------------------------------------------------
---------------------------------------------------------------------------------
Start Part Resource Summary
---------------------------------------------------------------------------------
Part Resources:
DSPs: 240 (col length:80)
BRAMs: 270 (col length: RAMB18 80 RAMB36 40)
---------------------------------------------------------------------------------
Finished Part Resource Summary
---------------------------------------------------------------------------------
---------------------------------------------------------------------------------
Start Cross Boundary and Area Optimization
---------------------------------------------------------------------------------
---------------------------------------------------------------------------------
Finished Cross Boundary and Area Optimization : Time (s): cpu = 00:00:09 ; elapsed = 00:00:10 . Memory (MB): peak = 2696.918 ; gain = 418.242 ; free physical = 11168 ; free virtual = 27814
---------------------------------------------------------------------------------
---------------------------------------------------------------------------------
Start Applying XDC Timing Constraints
---------------------------------------------------------------------------------
---------------------------------------------------------------------------------
Finished Applying XDC Timing Constraints : Time (s): cpu = 00:00:13 ; elapsed = 00:00:14 . Memory (MB): peak = 2771.918 ; gain = 493.242 ; free physical = 9461 ; free virtual = 26098
---------------------------------------------------------------------------------
---------------------------------------------------------------------------------
Start Timing Optimization
---------------------------------------------------------------------------------
---------------------------------------------------------------------------------
Finished Timing Optimization : Time (s): cpu = 00:00:13 ; elapsed = 00:00:14 . Memory (MB): peak = 2771.918 ; gain = 493.242 ; free physical = 9457 ; free virtual = 26093
---------------------------------------------------------------------------------
---------------------------------------------------------------------------------
Start Technology Mapping
---------------------------------------------------------------------------------
---------------------------------------------------------------------------------
Finished Technology Mapping : Time (s): cpu = 00:00:13 ; elapsed = 00:00:14 . Memory (MB): peak = 2780.934 ; gain = 502.258 ; free physical = 9449 ; free virtual = 26085
---------------------------------------------------------------------------------
---------------------------------------------------------------------------------
Start IO Insertion
---------------------------------------------------------------------------------
---------------------------------------------------------------------------------
Start Flattening Before IO Insertion
---------------------------------------------------------------------------------
---------------------------------------------------------------------------------
Finished Flattening Before IO Insertion
---------------------------------------------------------------------------------
---------------------------------------------------------------------------------
Start Final Netlist Cleanup
---------------------------------------------------------------------------------
---------------------------------------------------------------------------------
Finished Final Netlist Cleanup
---------------------------------------------------------------------------------
---------------------------------------------------------------------------------
Finished IO Insertion : Time (s): cpu = 00:00:16 ; elapsed = 00:00:16 . Memory (MB): peak = 2967.746 ; gain = 689.070 ; free physical = 14167 ; free virtual = 30788
---------------------------------------------------------------------------------
---------------------------------------------------------------------------------
Start Renaming Generated Instances
---------------------------------------------------------------------------------
---------------------------------------------------------------------------------
Finished Renaming Generated Instances : Time (s): cpu = 00:00:16 ; elapsed = 00:00:16 . Memory (MB): peak = 2967.746 ; gain = 689.070 ; free physical = 14167 ; free virtual = 30788
---------------------------------------------------------------------------------
---------------------------------------------------------------------------------
Start Rebuilding User Hierarchy
---------------------------------------------------------------------------------
---------------------------------------------------------------------------------
Finished Rebuilding User Hierarchy : Time (s): cpu = 00:00:16 ; elapsed = 00:00:16 . Memory (MB): peak = 2967.746 ; gain = 689.070 ; free physical = 14167 ; free virtual = 30788
---------------------------------------------------------------------------------
---------------------------------------------------------------------------------
Start Renaming Generated Ports
---------------------------------------------------------------------------------
---------------------------------------------------------------------------------
Finished Renaming Generated Ports : Time (s): cpu = 00:00:16 ; elapsed = 00:00:16 . Memory (MB): peak = 2967.746 ; gain = 689.070 ; free physical = 14167 ; free virtual = 30788
---------------------------------------------------------------------------------
---------------------------------------------------------------------------------
Start Handling Custom Attributes
---------------------------------------------------------------------------------
---------------------------------------------------------------------------------
Finished Handling Custom Attributes : Time (s): cpu = 00:00:16 ; elapsed = 00:00:16 . Memory (MB): peak = 2967.746 ; gain = 689.070 ; free physical = 14167 ; free virtual = 30788
---------------------------------------------------------------------------------
---------------------------------------------------------------------------------
Start Renaming Generated Nets
---------------------------------------------------------------------------------
---------------------------------------------------------------------------------
Finished Renaming Generated Nets : Time (s): cpu = 00:00:16 ; elapsed = 00:00:16 . Memory (MB): peak = 2967.746 ; gain = 689.070 ; free physical = 14167 ; free virtual = 30788
---------------------------------------------------------------------------------
---------------------------------------------------------------------------------
Start Writing Synthesis Report
---------------------------------------------------------------------------------

Report BlackBoxes: 
+-+--------------+----------+
| |BlackBox name |Instances |
+-+--------------+----------+
+-+--------------+----------+

Report Cell Usage: 
+------+-----+------+
|      |Cell |Count |
+------+-----+------+
|1     |LUT1 |     1|
|2     |LUT2 |     6|
|3     |FDRE |     2|
+------+-----+------+
---------------------------------------------------------------------------------
Finished Writing Synthesis Report : Time (s): cpu = 00:00:16 ; elapsed = 00:00:16 . Memory (MB): peak = 2967.746 ; gain = 689.070 ; free physical = 14167 ; free virtual = 30788
---------------------------------------------------------------------------------
Synthesis finished with 0 errors, 0 critical warnings and 0 warnings.
Synthesis Optimization Runtime : Time (s): cpu = 00:00:15 ; elapsed = 00:00:15 . Memory (MB): peak = 2967.746 ; gain = 621.266 ; free physical = 15532 ; free virtual = 32153
Synthesis Optimization Complete : Time (s): cpu = 00:00:16 ; elapsed = 00:00:16 . Memory (MB): peak = 2967.754 ; gain = 689.070 ; free physical = 15559 ; free virtual = 32180
INFO: [Project 1-571] Translating synthesized netlist
Netlist sorting complete. Time (s): cpu = 00:00:00 ; elapsed = 00:00:00 . Memory (MB): peak = 2967.754 ; gain = 0.000 ; free physical = 15924 ; free virtual = 32545
INFO: [Project 1-570] Preparing netlist for logic optimization
INFO: [Opt 31-138] Pushed 0 inverter(s) to 0 load pin(s).
Netlist sorting complete. Time (s): cpu = 00:00:00 ; elapsed = 00:00:00 . Memory (MB): peak = 3023.773 ; gain = 0.000 ; free physical = 15563 ; free virtual = 32189
INFO: [Project 1-111] Unisim Transformation Summary:
No Unisim elements were transformed.

Synth Design complete | Checksum: 2ac50776
INFO: [Common 17-83] Releasing license: Synthesis
125 Infos, 0 Warnings, 0 Critical Warnings and 0 Errors encountered.
synth_design completed successfully
synth_design: Time (s): cpu = 00:00:19 ; elapsed = 00:00:18 . Memory (MB): peak = 3023.809 ; gain = 1163.188 ; free physical = 17188 ; free virtual = 33822
INFO: [Common 17-2834] synth_design peak Physical Memory [PSS] (MB): overall = 1817.512; main = 1817.512; forked = 175.552
INFO: [Common 17-2834] synth_design peak Virtual Memory [VSS] (MB): overall = 3693.457; main = 3023.777; forked = 996.535
Write ShapeDB Complete: Time (s): cpu = 00:00:00 ; elapsed = 00:00:00 . Memory (MB): peak = 3047.785 ; gain = 0.000 ; free physical = 17177 ; free virtual = 33809
INFO: [Common 17-1381] The checkpoint '/home/ck/Desktop/Workspace/FPGA_Workspace/Vivado/FMCW3_100T/FMCW3.runs/microblaze_ilmb_bram_if_cntlr_5_synth_1/microblaze_ilmb_bram_if_cntlr_5.dcp' has been generated.
INFO: [Coretcl 2-1648] Added synthesis output to IP cache for IP microblaze_ilmb_bram_if_cntlr_5, cache-ID = 258aed3171c1f21c
Write ShapeDB Complete: Time (s): cpu = 00:00:00 ; elapsed = 00:00:00 . Memory (MB): peak = 3047.785 ; gain = 0.000 ; free physical = 18798 ; free virtual = 35430
INFO: [Common 17-1381] The checkpoint '/home/ck/Desktop/Workspace/FPGA_Workspace/Vivado/FMCW3_100T/FMCW3.runs/microblaze_ilmb_bram_if_cntlr_5_synth_1/microblaze_ilmb_bram_if_cntlr_5.dcp' has been generated.
INFO: [Vivado 12-24828] Executing command : report_utilization -file microblaze_ilmb_bram_if_cntlr_5_utilization_synth.rpt -pb microblaze_ilmb_bram_if_cntlr_5_utilization_synth.pb
INFO: [Common 17-206] Exiting Vivado at Mon Aug  3 14:48:31 2026...
